
================================================================================
[START] Testing /api/record-violation ENDPOINT
================================================================================

Endpoint: http://localhost:5000/api/record-violation
Test Participant ID: 2
Test Session ID: 2

[CHECK] Verifying Flask server is running...
[OK] Flask server is running!

================================================================================
[TESTS] Running API endpoint tests...
================================================================================

================================================================================
[TEST 1] VIOLATION WITHOUT EVIDENCE
================================================================================

[SEND] POST http://localhost:5000/api/record-violation
[DATA] Payload:
{
  "participant_id": 2,
  "session_id": 2,
  "violation_type": "TEST_WINDOW_BLUR",
  "description": "Test violation without screenshot evidence",
  "startTime": "2026-01-26T08:06:46.407292Z",
  "evidence": null
}

[RESPONSE] Status: 200

[ERROR] TEST 1 FAILED: 'Response' object has no attribute 'get_json'

================================================================================
[TEST 2] VIOLATION WITH BASE64 IMAGE EVIDENCE
================================================================================

[SEND] POST http://localhost:5000/api/record-violation
[DATA] Payload (evidence truncated):
{
  "participant_id": 2,
  "session_id": 2,
  "violation_type": "TEST_TAB_SWITCH",
  "description": "Test violation with screenshot evidence",
  "startTime": "2026-01-26T08:06:49.384317Z",
  "evidence": "data:image/png;base64,iVBORw0KGgoAAAANSUhEUgAAAAEA..."
}

[RESPONSE] Status: 200

[ERROR] TEST 2 FAILED: 'Response' object has no attribute 'get_json'

================================================================================
[TEST 3] INVALID PAYLOAD (SHOULD BE REJECTED)
================================================================================

[SEND] POST http://localhost:5000/api/record-violation
[DATA] Payload (intentionally invalid):
{
  "participant_id": 2,
  "violation_type": "TEST_ERROR",
  "description": "Missing required fields"
}

[RESPONSE] Status: 400

[ERROR] TEST 3 FAILED: 'Response' object has no attribute 'get_json'

================================================================================
[SUMMARY] TEST RESULTS
================================================================================
[FAIL] Test 1: Without Evidence
[FAIL] Test 2: With Evidence
[FAIL] Test 3: Invalid Payload

Total: 0/3 tests passed

[FAILURE] 3 test(s) failed
